
[1m[46m RUN [49m[22m [36mv3.2.4 [39m[90mD:/OneDrive/7_AI@neo.genymt.gmail/Projects/App-Nano_Banana_Ultra[39m

 [32mÔ£ô[39m tests/LanguageSelector.test.tsx [2m([22m[2m1 test[22m[2m)[22m[32m 27[2mms[22m[39m
 [32mÔ£ô[39m tests/useWorkspaceProgressThoughts.test.tsx [2m([22m[2m2 tests[22m[2m)[22m[32m 22[2mms[22m[39m
 [32mÔ£ô[39m tests/useDebugTerminal.test.tsx [2m([22m[2m2 tests[22m[2m)[22m[32m 15[2mms[22m[39m
 [32mÔ£ô[39m tests/useGroundingProvenanceView.test.tsx [2m([22m[2m7 tests[22m[2m)[22m[32m 17[2mms[22m[39m
 [32mÔ£ô[39m tests/LazyHistoryImage.test.tsx [2m([22m[2m1 test[22m[2m)[22m[32m 22[2mms[22m[39m
 [32mÔ£ô[39m tests/WorkspaceProgressDetailPanel.test.tsx [2m([22m[2m5 tests[22m[2m)[22m[32m 54[2mms[22m[39m
 [32mÔ£ô[39m tests/usePromptTools.test.tsx [2m([22m[2m8 tests[22m[2m)[22m[32m 30[2mms[22m[39m
 [32mÔ£ô[39m tests/ImageUploader.test.tsx [2m([22m[2m4 tests[22m[2m)[22m[32m 38[2mms[22m[39m
 [32mÔ£ô[39m tests/useWorkspaceCapabilityConstraints.test.tsx [2m([22m[2m4 tests[22m[2m)[22m[32m 15[2mms[22m[39m
 [32mÔ£ô[39m tests/useWorkspaceAppLifecycle.test.tsx [2m([22m[2m3 tests[22m[2m)[22m[32m 17[2mms[22m[39m
 [32mÔ£ô[39m tests/InfoTooltip.test.tsx [2m([22m[2m1 test[22m[2m)[22m[32m 28[2mms[22m[39m
 [32mÔ£ô[39m tests/useWorkspaceEditorActions.test.tsx [2m([22m[2m11 tests[22m[2m)[22m[32m 31[2mms[22m[39m
 [32mÔ£ô[39m tests/WorkspaceSideToolPanel.interaction.test.tsx [2m([22m[2m3 tests[22m[2m)[22m[32m 54[2mms[22m[39m
 [32mÔ£ô[39m tests/WorkspaceUnifiedHistoryPanel.test.tsx [2m([22m[2m9 tests[22m[2m)[22m[32m 91[2mms[22m[39m
 [32mÔ£ô[39m tests/SketchPad.test.tsx [2m([22m[2m1 test[22m[2m)[22m[32m 74[2mms[22m[39m
[90mstdout[2m | tests/ImageEditor.reset.test.tsx[2m > [22m[2mImageEditor quantity reset behavior[2m > [22m[2mdoes not replay the stale initial batch size when editor reset is pressed after quantity changed to 3
[22m[39mImageEditor Mount: ImageModel is gemini-3.1-flash-image-preview

[90mstdout[2m | tests/ImageEditor.reset.test.tsx[2m > [22m[2mImageEditor quantity reset behavior[2m > [22m[2mdoes not render a standalone prompt card inside the editor canvas stack
[22m[39mImageEditor Mount: ImageModel is gemini-3.1-flash-image-preview

 [32mÔ£ô[39m tests/workspacePersistence.test.ts [2m([22m[2m30 tests[22m[2m)[22m[32m 19[2mms[22m[39m
[90mstdout[2m | tests/ImageEditor.reset.test.tsx[2m > [22m[2mImageEditor quantity reset behavior[2m > [22m[2mdoes not show a doodle-entry toast when switching into doodle
[22m[39mImageEditor Mount: ImageModel is gemini-3.1-flash-image-preview

 [32mÔ£ô[39m tests/useQueuedBatchSpacePersistence.test.tsx [2m([22m[2m3 tests[22m[2m)[22m[32m 17[2mms[22m[39m
[90mstdout[2m | tests/ImageEditor.reset.test.tsx[2m > [22m[2mImageEditor quantity reset behavior[2m > [22m[2mshows the visible-text onboarding notice every time the text tool is activated
[22m[39mImageEditor Mount: ImageModel is gemini-3.1-flash-image-preview

 [32mÔ£ô[39m tests/useHistorySourceOrchestration.test.ts [2m([22m[2m10 tests[22m[2m)[22m[32m 42[2mms[22m[39m
 [32mÔ£ô[39m tests/WorkspaceViewerOverlay.promptApply.test.tsx [2m([22m[2m4 tests[22m[2m)[22m[32m 102[2mms[22m[39m
 [32mÔ£ô[39m tests/ImageEditor.reset.test.tsx [2m([22m[2m4 tests[22m[2m)[22m[32m 86[2mms[22m[39m
 [32mÔ£ô[39m tests/useComposerSettingsPanelProps.test.tsx [2m([22m[2m2 tests[22m[2m)[22m[32m 188[2mms[22m[39m
 [32mÔ£ô[39m tests/usePerformGeneration.test.tsx [2m([22m[2m13 tests[22m[2m)[22m[32m 41[2mms[22m[39m
 [32mÔ£ô[39m tests/useLegacyWorkspaceSnapshotMigration.test.tsx [2m([22m[2m3 tests[22m[2m)[22m[32m 23[2mms[22m[39m
 [32mÔ£ô[39m tests/useComposerState.viewerApply.test.tsx [2m([22m[2m3 tests[22m[2m)[22m[32m 18[2mms[22m[39m
 [32mÔ£ô[39m tests/useWorkspaceViewerProvenanceState.test.tsx [2m([22m[2m2 tests[22m[2m)[22m[32m 17[2mms[22m[39m
 [32mÔ£ô[39m tests/useQueuedBatchWorkflow.test.tsx [2m([22m[2m28 tests[22m[2m)[22m[32m 77[2mms[22m[39m
 [32mÔ£ô[39m tests/ComposerAdvancedSettingsDialog.interaction.test.tsx [2m([22m[2m7 tests[22m[2m)[22m[32m 262[2mms[22m[39m
 [32mÔ£ô[39m tests/WorkspacePickerSheet.promptDraft.test.tsx [2m([22m[2m3 tests[22m[2m)[22m[32m 186[2mms[22m[39m
 [32mÔ£ô[39m tests/ComposerSettingsPanel.focus.test.tsx [2m([22m[2m20 tests[22m[2m)[22m[33m 363[2mms[22m[39m
 [32mÔ£ô[39m tests/useHistoryPresentationHelpers.test.tsx [2m([22m[2m5 tests[22m[2m)[22m[32m 28[2mms[22m[39m
 [32mÔ£ô[39m tests/generationMode.test.ts [2m([22m[2m5 tests[22m[2m)[22m[32m 206[2mms[22m[39m
 [32mÔ£ô[39m tests/HistoryPanel.test.tsx [2m([22m[2m4 tests[22m[2m)[22m[32m 44[2mms[22m[39m
 [32mÔ£ô[39m tests/GeneratedImage.test.tsx [2m([22m[2m9 tests[22m[2m)[22m[32m 18[2mms[22m[39m
 [32mÔ£ô[39m tests/SurfaceSharedControls.test.tsx [2m([22m[2m3 tests[22m[2m)[22m[32m 14[2mms[22m[39m
 [32mÔ£ô[39m tests/WorkspaceEvidenceDetailPanel.test.tsx [2m([22m[2m2 tests[22m[2m)[22m[32m 10[2mms[22m[39m
 [32mÔ£ô[39m tests/WorkspaceViewerOverlay.test.tsx [2m([22m[2m3 tests[22m[2m)[22m[32m 15[2mms[22m[39m
 [32mÔ£ô[39m tests/GroundingProvenancePanel.test.tsx [2m([22m[2m9 tests[22m[2m)[22m[32m 74[2mms[22m[39m
 [32mÔ£ô[39m tests/RecentHistoryFilmstrip.test.tsx [2m([22m[2m3 tests[22m[2m)[22m[32m 13[2mms[22m[39m
 [32mÔ£ô[39m tests/DebugTerminalPanel.test.tsx [2m([22m[2m1 test[22m[2m)[22m[32m 27[2mms[22m[39m
 [32mÔ£ô[39m tests/WorkspaceInsightsSidebar.test.tsx [2m([22m[2m6 tests[22m[2m)[22m[32m 21[2mms[22m[39m
 [32mÔ£ô[39m tests/QueuedBatchJobsPanel.test.tsx [2m([22m[2m10 tests[22m[2m)[22m[32m 84[2mms[22m[39m
 [32mÔ£ô[39m tests/WorkspaceImportReview.test.tsx [2m([22m[2m2 tests[22m[2m)[22m[32m 34[2mms[22m[39m
 [32mÔ£ô[39m tests/WorkspaceOverlayStack.test.tsx [2m([22m[2m3 tests[22m[2m)[22m[32m 9[2mms[22m[39m
 [32mÔ£ô[39m tests/WorkspaceSideToolPanel.test.tsx [2m([22m[2m3 tests[22m[2m)[22m[32m 17[2mms[22m[39m
 [32mÔ£ô[39m tests/workspaceFlowTranslations.test.tsx [2m([22m[2m358 tests[22m[2m)[22m[33m 379[2mms[22m[39m
 [32mÔ£ô[39m tests/WorkspaceProgressCard.test.tsx [2m([22m[2m2 tests[22m[2m)[22m[32m 9[2mms[22m[39m
 [32mÔ£ô[39m tests/useWorkspaceGenerationActions.test.tsx [2m([22m[2m5 tests[22m[2m)[22m[32m 21[2mms[22m[39m
 [32mÔ£ô[39m tests/ComposerSettingsPanel.test.tsx [2m([22m[2m5 tests[22m[2m)[22m[32m 51[2mms[22m[39m
 [32mÔ£ô[39m tests/useWorkspaceShellOwnerState.test.tsx [2m([22m[2m2 tests[22m[2m)[22m[32m 14[2mms[22m[39m
 [32mÔ£ô[39m tests/useWorkspaceTransientUiState.test.tsx [2m([22m[2m2 tests[22m[2m)[22m[32m 16[2mms[22m[39m
 [32mÔ£ô[39m tests/WorkspacePickerSheet.test.tsx [2m([22m[2m5 tests[22m[2m)[22m[32m 27[2mms[22m[39m
 [32mÔ£ô[39m tests/useWorkspaceShellUtilities.test.tsx [2m([22m[2m3 tests[22m[2m)[22m[32m 22[2mms[22m[39m
 [32mÔ£ô[39m tests/Button.test.tsx [2m([22m[2m2 tests[22m[2m)[22m[32m 6[2mms[22m[39m
 [32mÔ£ô[39m tests/imageReferences.test.ts [2m([22m[2m2 tests[22m[2m)[22m[32m 6[2mms[22m[39m
 [32mÔ£ô[39m tests/useWorkspaceResetActions.test.tsx [2m([22m[2m2 tests[22m[2m)[22m[32m 12[2mms[22m[39m
 [32mÔ£ô[39m tests/useWorkspaceGenerationContext.test.tsx [2m([22m[2m6 tests[22m[2m)[22m[32m 8[2mms[22m[39m
 [32mÔ£ô[39m tests/generationFailure.test.ts [2m([22m[2m12 tests[22m[2m)[22m[32m 6[2mms[22m[39m
 [32mÔ£ô[39m tests/queuedBatchRequest.test.ts [2m([22m[2m3 tests[22m[2m)[22m[32m 7[2mms[22m[39m
 [32mÔ£ô[39m tests/queuedBatchSpacePersistence.test.ts [2m([22m[2m6 tests[22m[2m)[22m[32m 9[2mms[22m[39m
 [32mÔ£ô[39m tests/useImageGeneration.test.tsx [2m([22m[2m1 test[22m[2m)[22m[32m 12[2mms[22m[39m
 [32mÔ£ô[39m tests/workspaceImportAssets.test.ts [2m([22m[2m2 tests[22m[2m)[22m[32m 9[2mms[22m[39m
 [32mÔ£ô[39m tests/WorkspaceSupportDetailSurface.test.tsx [2m([22m[2m3 tests[22m[2m)[22m[32m 12[2mms[22m[39m
 [32mÔ£ô[39m tests/officialConversationRequest.test.ts [2m([22m[2m8 tests[22m[2m)[22m[33m 491[2mms[22m[39m
   [33m[2mÔ£ô[22m[39m official conversation request path[2m > [22mserializes retryable batch slot recovery after an initial no-image-data failure [33m 313[2mms[22m[39m
 [32mÔ£ô[39m tests/WorkspaceBottomFooter.test.tsx [2m([22m[2m1 test[22m[2m)[22m[32m 8[2mms[22m[39m
 [32mÔ£ô[39m tests/SelectedItemSurfaces.test.tsx [2m([22m[2m3 tests[22m[2m)[22m[32m 10[2mms[22m[39m
 [32mÔ£ô[39m tests/WorkspaceGalleryCard.test.tsx [2m([22m[2m2 tests[22m[2m)[22m[32m 13[2mms[22m[39m
 [32mÔ£ô[39m tests/WorkspaceSourcesCitationsPanel.test.tsx [2m([22m[2m2 tests[22m[2m)[22m[32m 9[2mms[22m[39m
 [32mÔ£ô[39m tests/WorkspaceHistoryCanvas.test.tsx [2m([22m[2m1 test[22m[2m)[22m[32m 10[2mms[22m[39m
 [32mÔ£ô[39m tests/workspaceSnapshotState.test.ts [2m([22m[2m8 tests[22m[2m)[22m[32m 7[2mms[22m[39m
 [32mÔ£ô[39m tests/BranchRenameDialog.test.tsx [2m([22m[2m1 test[22m[2m)[22m[32m 10[2mms[22m[39m
 [32mÔ£ô[39m tests/WorkspaceHealthPanel.test.tsx [2m([22m[2m1 test[22m[2m)[22m[32m 8[2mms[22m[39m
 [32mÔ£ô[39m tests/WorkspaceVersionsDetailPanel.test.tsx [2m([22m[2m1 test[22m[2m)[22m[32m 10[2mms[22m[39m
 [32mÔ£ô[39m tests/batchHelpers.test.ts [2m([22m[2m13 tests[22m[2m)[22m[32m 6[2mms[22m[39m
 [32mÔ£ô[39m tests/WorkspaceTopHeader.test.tsx [2m([22m[2m1 test[22m[2m)[22m[32m 9[2mms[22m[39m
 [32mÔ£ô[39m tests/legacyWorkspaceSnapshotMigration.test.ts [2m([22m[2m5 tests[22m[2m)[22m[32m 7[2mms[22m[39m
 [32mÔ£ô[39m tests/debugTerminalEvents.test.ts [2m([22m[2m5 tests[22m[2m)[22m[32m 6[2mms[22m[39m
[90mstdout[2m | tests/pluginOfficialConversationIntegration.test.ts[2m > [22m[2mimageSavePlugin official conversation integration[2m > [22m[2muses official chat history when a restored conversation continuation request reaches the backend route
[22m[39m
  ­ƒìî Image auto-save enabled ÔåÆ D:\OneDrive\7_AI@neo.genymt.gmail\Projects\App-Nano_Banana_Ultra\output

  ­ƒìî Health check ÔåÆ /api/health

[90mstdout[2m | tests/pluginOfficialConversationIntegration.test.ts[2m > [22m[2mimageSavePlugin official conversation integration[2m > [22m[2muses official chat history when a restored conversation continuation request reaches the backend route
[22m[39m[Nano Banana API] {
  kind: [32m'request'[39m,
  route: [32m'/api/images/generate'[39m,
  method: [32m'POST'[39m,
  requestId: [90mundefined[39m,
  source: [32m'generation'[39m,
  model: [32m'gemini-3.1-flash-image-preview'[39m,
  executionMode: [32m'chat-continuation'[39m,
  outputFormat: [32m'images-only'[39m,
  hasConversationContext: [33mtrue[39m,
  objectImageCount: [33m0[39m,
  characterImageCount: [33m0[39m,
  hasEditingInput: [33mfalse[39m,
  includeThoughts: [33mtrue[39m
}

[90mstdout[2m | tests/pluginOfficialConversationIntegration.test.ts[2m > [22m[2mimageSavePlugin official conversation integration[2m > [22m[2muses official chat history when a restored conversation continuation request reaches the backend route
[22m[39m[Nano Banana API] {
  kind: [32m'response'[39m,
  route: [32m'/api/images/generate'[39m,
  method: [32m'POST'[39m,
  requestId: [90mundefined[39m,
  status: [33m200[39m,
  durationMs: [33m4[39m,
  summary: [32m'Generated image response'[39m,
  source: [32m'generation'[39m,
  model: [32m'gemini-3.1-flash-image-preview'[39m,
  hasImage: [33mtrue[39m,
  textLength: [33m23[39m,
  hasThoughts: [33mfalse[39m,
  resultPartCount: [33m2[39m,
  hasGrounding: [33mtrue[39m
}

[90mstdout[2m | tests/pluginOfficialConversationIntegration.test.ts[2m > [22m[2mimageSavePlugin official conversation integration[2m > [22m[2mcreates and imports official queued batch jobs through the backend routes
[22m[39m
  ­ƒìî Image auto-save enabled ÔåÆ D:\OneDrive\7_AI@neo.genymt.gmail\Projects\App-Nano_Banana_Ultra\output

  ­ƒìî Health check ÔåÆ /api/health

 [32mÔ£ô[39m tests/useWorkspaceStageViewer.test.tsx [2m([22m[2m9 tests[22m[2m)[22m[32m 7[2mms[22m[39m
[90mstdout[2m | tests/pluginOfficialConversationIntegration.test.ts[2m > [22m[2mimageSavePlugin official conversation integration[2m > [22m[2mcreates and imports official queued batch jobs through the backend routes
[22m[39m[Nano Banana API] {
  kind: [32m'request'[39m,
  route: [32m'/api/batches/create'[39m,
  method: [32m'POST'[39m,
  requestId: [90mundefined[39m,
  source: [32m'batch'[39m,
  model: [32m'gemini-3.1-flash-image-preview'[39m,
  displayName: [32m'gemini-3.1-flash-image-preview-queued-2026-05-18T12:48:24.414Z'[39m,
  requestCount: [33m2[39m,
  hasEditingInput: [33mfalse[39m
}

[90mstdout[2m | tests/pluginOfficialConversationIntegration.test.ts[2m > [22m[2mimageSavePlugin official conversation integration[2m > [22m[2mcreates and imports official queued batch jobs through the backend routes
[22m[39m[Nano Banana API] {
  kind: [32m'response'[39m,
  route: [32m'/api/batches/create'[39m,
  method: [32m'POST'[39m,
  requestId: [90mundefined[39m,
  status: [33m200[39m,
  durationMs: [33m2[39m,
  summary: [32m'batches/test-job (JOB_STATE_PENDING)'[39m,
  source: [32m'batch'[39m,
  model: [32m'gemini-3.1-flash-image-preview'[39m,
  displayName: [32m'gemini-3.1-flash-image-preview-queued-2026-05-18T12:48:24.414Z'[39m,
  jobName: [32m'batches/test-job'[39m,
  state: [32m'JOB_STATE_PENDING'[39m
}

 [32mÔ£ô[39m tests/BatchSelector.test.tsx [2m([22m[2m1 test[22m[2m)[22m[32m 9[2mms[22m[39m
[90mstdout[2m | tests/pluginOfficialConversationIntegration.test.ts[2m > [22m[2mimageSavePlugin official conversation integration[2m > [22m[2mcreates and imports official queued batch jobs through the backend routes
[22m[39m[Nano Banana API] {
  kind: [32m'request'[39m,
  route: [32m'/api/batches/import'[39m,
  method: [32m'POST'[39m,
  requestId: [90mundefined[39m,
  source: [32m'batch'[39m,
  jobName: [32m'batches/test-job'[39m
}

[90mstdout[2m | tests/pluginOfficialConversationIntegration.test.ts[2m > [22m[2mimageSavePlugin official conversation integration[2m > [22m[2mcreates and imports official queued batch jobs through the backend routes
[22m[39m[Nano Banana API] {
  kind: [32m'response'[39m,
  route: [32m'/api/batches/import'[39m,
  method: [32m'POST'[39m,
  requestId: [90mundefined[39m,
  status: [33m200[39m,
  durationMs: [33m1[39m,
  summary: [32m'batches/test-job imported 1 result(s)'[39m,
  source: [32m'batch'[39m,
  jobName: [32m'batches/test-job'[39m,
  resultCount: [33m1[39m
}

[90mstdout[2m | tests/pluginOfficialConversationIntegration.test.ts[2m > [22m[2mimageSavePlugin official conversation integration[2m > [22m[2mresolves file-backed load-image inputs before creating official queued batch jobs
[22m[39m
  ­ƒìî Image auto-save enabled ÔåÆ C:\Users\nshch\AppData\Local\Temp\nano-banana-batch-file-backed-WZix2D

  ­ƒìî Health check ÔåÆ /api/health

[90mstdout[2m | tests/pluginOfficialConversationIntegration.test.ts[2m > [22m[2mimageSavePlugin official conversation integration[2m > [22m[2mresolves file-backed load-image inputs before creating official queued batch jobs
[22m[39m[Nano Banana API] {
  kind: [32m'request'[39m,
  route: [32m'/api/batches/create'[39m,
  method: [32m'POST'[39m,
  requestId: [90mundefined[39m,
  source: [32m'batch'[39m,
  model: [32m'gemini-3.1-flash-image-preview'[39m,
  displayName: [32m'gemini-3.1-flash-image-preview-queued-2026-05-18T12:48:24.423Z'[39m,
  requestCount: [33m1[39m,
  hasEditingInput: [33mtrue[39m
}

[90mstdout[2m | tests/pluginOfficialConversationIntegration.test.ts[2m > [22m[2mimageSavePlugin official conversation integration[2m > [22m[2mresolves file-backed load-image inputs before creating official queued batch jobs
[22m[39m[Nano Banana API] {
  kind: [32m'response'[39m,
  route: [32m'/api/batches/create'[39m,
  method: [32m'POST'[39m,
  requestId: [90mundefined[39m,
  status: [33m200[39m,
  durationMs: [33m2[39m,
  summary: [32m'batches/test-job (JOB_STATE_PENDING)'[39m,
  source: [32m'batch'[39m,
  model: [32m'gemini-3.1-flash-image-preview'[39m,
  displayName: [32m'gemini-3.1-flash-image-preview-queued-2026-05-18T12:48:24.423Z'[39m,
  jobName: [32m'batches/test-job'[39m,
  state: [32m'JOB_STATE_PENDING'[39m
}

[90mstdout[2m | tests/pluginOfficialConversationIntegration.test.ts[2m > [22m[2mimageSavePlugin official conversation integration[2m > [22m[2mpersists and reloads the shared workspace snapshot backup route
[22m[39m
  ­ƒìî Image auto-save enabled ÔåÆ C:\Users\nshch\AppData\Local\Temp\nano-banana-shared-workspace-GxAwIb

  ­ƒìî Health check ÔåÆ /api/health

[90mstdout[2m | tests/pluginOfficialConversationIntegration.test.ts[2m > [22m[2mimageSavePlugin official conversation integration[2m > [22m[2mpersists and reloads the shared workspace snapshot backup route
[22m[39m[Nano Banana API] {
  kind: [32m'request'[39m,
  route: [32m'/api/workspace-snapshot'[39m,
  method: [32m'POST'[39m,
  requestId: [90mundefined[39m,
  source: [32m'workspace'[39m,
  snapshotPath: [32m'C:\\Users\\nshch\\AppData\\Local\\Temp\\nano-banana-shared-workspace-GxAwIb\\workspace_snapshot.json'[39m,
  phase: [32m'save'[39m,
  hasContent: [33mtrue[39m
}
[Nano Banana API] {
  kind: [32m'response'[39m,
  route: [32m'/api/workspace-snapshot'[39m,
  method: [32m'POST'[39m,
  requestId: [90mundefined[39m,
  status: [33m200[39m,
  durationMs: [33m3[39m,
  summary: [32m'Snapshot backup saved'[39m,
  source: [32m'workspace'[39m,
  snapshotPath: [32m'C:\\Users\\nshch\\AppData\\Local\\Temp\\nano-banana-shared-workspace-GxAwIb\\workspace_snapshot.json'[39m,
  phase: [32m'save'[39m
}

[90mstdout[2m | tests/pluginOfficialConversationIntegration.test.ts[2m > [22m[2mimageSavePlugin official conversation integration[2m > [22m[2mpersists and reloads the shared workspace snapshot backup route
[22m[39m[Nano Banana API] {
  kind: [32m'request'[39m,
  route: [32m'/api/workspace-snapshot'[39m,
  method: [32m'GET'[39m,
  requestId: [90mundefined[39m,
  source: [32m'workspace'[39m,
  snapshotPath: [32m'C:\\Users\\nshch\\AppData\\Local\\Temp\\nano-banana-shared-workspace-GxAwIb\\workspace_snapshot.json'[39m,
  phase: [32m'load'[39m
}
[Nano Banana API] {
  kind: [32m'response'[39m,
  route: [32m'/api/workspace-snapshot'[39m,
  method: [32m'GET'[39m,
  requestId: [90mundefined[39m,
  status: [33m200[39m,
  durationMs: [33m0[39m,
  summary: [32m'Snapshot backup loaded'[39m,
  source: [32m'workspace'[39m,
  snapshotPath: [32m'C:\\Users\\nshch\\AppData\\Local\\Temp\\nano-banana-shared-workspace-GxAwIb\\workspace_snapshot.json'[39m,
  phase: [32m'load'[39m
}

[90mstdout[2m | tests/pluginOfficialConversationIntegration.test.ts[2m > [22m[2mimageSavePlugin official conversation integration[2m > [22m[2mpersists and reloads the shared workspace snapshot backup route
[22m[39m[Nano Banana API] {
  kind: [32m'request'[39m,
  route: [32m'/api/workspace-snapshot'[39m,
  method: [32m'POST'[39m,
  requestId: [90mundefined[39m,
  source: [32m'workspace'[39m,
  snapshotPath: [32m'C:\\Users\\nshch\\AppData\\Local\\Temp\\nano-banana-shared-workspace-GxAwIb\\workspace_snapshot.json'[39m,
  phase: [32m'save'[39m,
  hasContent: [33mfalse[39m
}
[Nano Banana API] {
  kind: [32m'response'[39m,
  route: [32m'/api/workspace-snapshot'[39m,
  method: [32m'POST'[39m,
  requestId: [90mundefined[39m,
  status: [33m200[39m,
  durationMs: [33m0[39m,
  summary: [32m'Snapshot backup cleared'[39m,
  source: [32m'workspace'[39m,
  snapshotPath: [32m'C:\\Users\\nshch\\AppData\\Local\\Temp\\nano-banana-shared-workspace-GxAwIb\\workspace_snapshot.json'[39m,
  phase: [32m'save'[39m,
  cleared: [33mtrue[39m
}

[90mstdout[2m | tests/pluginOfficialConversationIntegration.test.ts[2m > [22m[2mimageSavePlugin official conversation integration[2m > [22m[2mpersists and reloads the shared workspace snapshot backup route
[22m[39m[Nano Banana API] {
  kind: [32m'request'[39m,
  route: [32m'/api/workspace-snapshot'[39m,
  method: [32m'GET'[39m,
  requestId: [90mundefined[39m,
  source: [32m'workspace'[39m,
  snapshotPath: [32m'C:\\Users\\nshch\\AppData\\Local\\Temp\\nano-banana-shared-workspace-GxAwIb\\workspace_snapshot.json'[39m,
  phase: [32m'load'[39m
}
[Nano Banana API] {
  kind: [32m'response'[39m,
  route: [32m'/api/workspace-snapshot'[39m,
  method: [32m'GET'[39m,
  requestId: [90mundefined[39m,
  status: [33m200[39m,
  durationMs: [33m0[39m,
  summary: [32m'No snapshot backup found'[39m,
  source: [32m'workspace'[39m,
  snapshotPath: [32m'C:\\Users\\nshch\\AppData\\Local\\Temp\\nano-banana-shared-workspace-GxAwIb\\workspace_snapshot.json'[39m,
  phase: [32m'load'[39m
}

[90mstdout[2m | tests/pluginOfficialConversationIntegration.test.ts[2m > [22m[2mimageSavePlugin official conversation integration[2m > [22m[2mpersists and reloads the shared queued batch space backup route
[22m[39m
  ­ƒìî Image auto-save enabled ÔåÆ C:\Users\nshch\AppData\Local\Temp\nano-banana-shared-batch-space-kNdpzY

  ­ƒìî Health check ÔåÆ /api/health

[90mstdout[2m | tests/pluginOfficialConversationIntegration.test.ts[2m > [22m[2mimageSavePlugin official conversation integration[2m > [22m[2mpersists and reloads the shared queued batch space backup route
[22m[39m[Nano Banana API] {
  kind: [32m'request'[39m,
  route: [32m'/api/queued-batch-space'[39m,
  method: [32m'POST'[39m,
  requestId: [90mundefined[39m,
  source: [32m'workspace'[39m,
  snapshotPath: [32m'C:\\Users\\nshch\\AppData\\Local\\Temp\\nano-banana-shared-batch-space-kNdpzY\\queued_batch_space.json'[39m,
  phase: [32m'save'[39m,
  hasContent: [33mtrue[39m
}
[Nano Banana API] {
  kind: [32m'response'[39m,
  route: [32m'/api/queued-batch-space'[39m,
  method: [32m'POST'[39m,
  requestId: [90mundefined[39m,
  status: [33m200[39m,
  durationMs: [33m3[39m,
  summary: [32m'Snapshot backup saved'[39m,
  source: [32m'workspace'[39m,
  snapshotPath: [32m'C:\\Users\\nshch\\AppData\\Local\\Temp\\nano-banana-shared-batch-space-kNdpzY\\queued_batch_space.json'[39m,
  phase: [32m'save'[39m
}

[90mstdout[2m | tests/pluginOfficialConversationIntegration.test.ts[2m > [22m[2mimageSavePlugin official conversation integration[2m > [22m[2mpersists and reloads the shared queued batch space backup route
[22m[39m[Nano Banana API] {
  kind: [32m'request'[39m,
  route: [32m'/api/queued-batch-space'[39m,
  method: [32m'GET'[39m,
  requestId: [90mundefined[39m,
  source: [32m'workspace'[39m,
  snapshotPath: [32m'C:\\Users\\nshch\\AppData\\Local\\Temp\\nano-banana-shared-batch-space-kNdpzY\\queued_batch_space.json'[39m,
  phase: [32m'load'[39m
}
[Nano Banana API] {
  kind: [32m'response'[39m,
  route: [32m'/api/queued-batch-space'[39m,
  method: [32m'GET'[39m,
  requestId: [90mundefined[39m,
  status: [33m200[39m,
  durationMs: [33m1[39m,
  summary: [32m'Snapshot backup loaded'[39m,
  source: [32m'workspace'[39m,
  snapshotPath: [32m'C:\\Users\\nshch\\AppData\\Local\\Temp\\nano-banana-shared-batch-space-kNdpzY\\queued_batch_space.json'[39m,
  phase: [32m'load'[39m
}

[90mstdout[2m | tests/pluginOfficialConversationIntegration.test.ts[2m > [22m[2mimageSavePlugin official conversation integration[2m > [22m[2mpersists and reloads the shared queued batch space backup route
[22m[39m[Nano Banana API] {
  kind: [32m'request'[39m,
  route: [32m'/api/queued-batch-space'[39m,
  method: [32m'POST'[39m,
  requestId: [90mundefined[39m,
  source: [32m'workspace'[39m,
  snapshotPath: [32m'C:\\Users\\nshch\\AppData\\Local\\Temp\\nano-banana-shared-batch-space-kNdpzY\\queued_batch_space.json'[39m,
  phase: [32m'save'[39m,
  hasContent: [33mfalse[39m
}
[Nano Banana API] {
  kind: [32m'response'[39m,
  route: [32m'/api/queued-batch-space'[39m,
  method: [32m'POST'[39m,
  requestId: [90mundefined[39m,
  status: [33m200[39m,
  durationMs: [33m1[39m,
  summary: [32m'Snapshot backup cleared'[39m,
  source: [32m'workspace'[39m,
  snapshotPath: [32m'C:\\Users\\nshch\\AppData\\Local\\Temp\\nano-banana-shared-batch-space-kNdpzY\\queued_batch_space.json'[39m,
  phase: [32m'save'[39m,
  cleared: [33mtrue[39m
}

[90mstdout[2m | tests/pluginOfficialConversationIntegration.test.ts[2m > [22m[2mimageSavePlugin official conversation integration[2m > [22m[2mpersists and reloads the shared queued batch space backup route
[22m[39m[Nano Banana API] {
  kind: [32m'request'[39m,
  route: [32m'/api/queued-batch-space'[39m,
  method: [32m'GET'[39m,
  requestId: [90mundefined[39m,
  source: [32m'workspace'[39m,
  snapshotPath: [32m'C:\\Users\\nshch\\AppData\\Local\\Temp\\nano-banana-shared-batch-space-kNdpzY\\queued_batch_space.json'[39m,
  phase: [32m'load'[39m
}
[Nano Banana API] {
  kind: [32m'response'[39m,
  route: [32m'/api/queued-batch-space'[39m,
  method: [32m'GET'[39m,
  requestId: [90mundefined[39m,
  status: [33m200[39m,
  durationMs: [33m0[39m,
  summary: [32m'No snapshot backup found'[39m,
  source: [32m'workspace'[39m,
  snapshotPath: [32m'C:\\Users\\nshch\\AppData\\Local\\Temp\\nano-banana-shared-batch-space-kNdpzY\\queued_batch_space.json'[39m,
  phase: [32m'load'[39m
}

 [32mÔ£ô[39m tests/SessionBTranslations.test.ts [2m([22m[2m2 tests[22m[2m)[22m[32m 4[2mms[22m[39m
[90mstdout[2m | tests/pluginOfficialConversationIntegration.test.ts[2m > [22m[2mimageSavePlugin official conversation integration[2m > [22m[2mfalls back to copy-based workspace snapshot replacement when rename hits EPERM
[22m[39m
  ­ƒìî Image auto-save enabled ÔåÆ C:\Users\nshch\AppData\Local\Temp\nano-banana-shared-workspace-eperm-f21Y8r

  ­ƒìî Health check ÔåÆ /api/health

 [32mÔ£ô[39m tests/useWorkspaceBranchPresentation.test.tsx [2m([22m[2m1 test[22m[2m)[22m[32m 6[2mms[22m[39m
 [32mÔ£ô[39m tests/capabilityTruth.test.ts [2m([22m[2m8 tests[22m[2m)[22m[32m 4[2mms[22m[39m
[90mstdout[2m | tests/pluginOfficialConversationIntegration.test.ts[2m > [22m[2mimageSavePlugin official conversation integration[2m > [22m[2mfalls back to copy-based workspace snapshot replacement when rename hits EPERM
[22m[39m[Nano Banana API] {
  kind: [32m'request'[39m,
  route: [32m'/api/workspace-snapshot'[39m,
  method: [32m'POST'[39m,
  requestId: [90mundefined[39m,
  source: [32m'workspace'[39m,
  snapshotPath: [32m'C:\\Users\\nshch\\AppData\\Local\\Temp\\nano-banana-shared-workspace-eperm-f21Y8r\\workspace_snapshot.json'[39m,
  phase: [32m'save'[39m,
  hasContent: [33mtrue[39m
}
[Nano Banana API] {
  kind: [32m'response'[39m,
  route: [32m'/api/workspace-snapshot'[39m,
  method: [32m'POST'[39m,
  requestId: [90mundefined[39m,
  status: [33m200[39m,
  durationMs: [33m2[39m,
  summary: [32m'Snapshot backup saved'[39m,
  source: [32m'workspace'[39m,
  snapshotPath: [32m'C:\\Users\\nshch\\AppData\\Local\\Temp\\nano-banana-shared-workspace-eperm-f21Y8r\\workspace_snapshot.json'[39m,
  phase: [32m'save'[39m
}

[90mstdout[2m | tests/pluginOfficialConversationIntegration.test.ts[2m > [22m[2mimageSavePlugin official conversation integration[2m > [22m[2mfalls back to copy-based workspace snapshot replacement when rename hits EPERM
[22m[39m[Nano Banana API] {
  kind: [32m'request'[39m,
  route: [32m'/api/workspace-snapshot'[39m,
  method: [32m'POST'[39m,
  requestId: [90mundefined[39m,
  source: [32m'workspace'[39m,
  snapshotPath: [32m'C:\\Users\\nshch\\AppData\\Local\\Temp\\nano-banana-shared-workspace-eperm-f21Y8r\\workspace_snapshot.json'[39m,
  phase: [32m'save'[39m,
  hasContent: [33mtrue[39m
}
[Nano Banana API] {
  kind: [32m'response'[39m,
  route: [32m'/api/workspace-snapshot'[39m,
  method: [32m'POST'[39m,
  requestId: [90mundefined[39m,
  status: [33m200[39m,
  durationMs: [33m3[39m,
  summary: [32m'Snapshot backup saved'[39m,
  source: [32m'workspace'[39m,
  snapshotPath: [32m'C:\\Users\\nshch\\AppData\\Local\\Temp\\nano-banana-shared-workspace-eperm-f21Y8r\\workspace_snapshot.json'[39m,
  phase: [32m'save'[39m
}

 [32mÔ£ô[39m tests/styleRegistry.test.ts [2m([22m[2m3 tests[22m[2m)[22m[32m 5[2mms[22m[39m
 [32mÔ£ô[39m tests/extractGeneratedContent.test.ts [2m([22m[2m7 tests[22m[2m)[22m[32m 6[2mms[22m[39m
[90mstdout[2m | tests/pluginOfficialConversationIntegration.test.ts[2m > [22m[2mimageSavePlugin official conversation integration[2m > [22m[2mkeeps the fresher temp workspace snapshot when Windows file locks block both rename and copy replacement
[22m[39m
  ­ƒìî Image auto-save enabled ÔåÆ C:\Users\nshch\AppData\Local\Temp\nano-banana-shared-workspace-busy-oNQ2rE

  ­ƒìî Health check ÔåÆ /api/health

[90mstdout[2m | tests/pluginOfficialConversationIntegration.test.ts[2m > [22m[2mimageSavePlugin official conversation integration[2m > [22m[2mkeeps the fresher temp workspace snapshot when Windows file locks block both rename and copy replacement
[22m[39m[Nano Banana API] {
  kind: [32m'request'[39m,
  route: [32m'/api/workspace-snapshot'[39m,
  method: [32m'POST'[39m,
  requestId: [90mundefined[39m,
  source: [32m'workspace'[39m,
  snapshotPath: [32m'C:\\Users\\nshch\\AppData\\Local\\Temp\\nano-banana-shared-workspace-busy-oNQ2rE\\workspace_snapshot.json'[39m,
  phase: [32m'save'[39m,
  hasContent: [33mtrue[39m
}
[Nano Banana API] {
  kind: [32m'response'[39m,
  route: [32m'/api/workspace-snapshot'[39m,
  method: [32m'POST'[39m,
  requestId: [90mundefined[39m,
  status: [33m200[39m,
  durationMs: [33m2[39m,
  summary: [32m'Snapshot backup saved'[39m,
  source: [32m'workspace'[39m,
  snapshotPath: [32m'C:\\Users\\nshch\\AppData\\Local\\Temp\\nano-banana-shared-workspace-busy-oNQ2rE\\workspace_snapshot.json'[39m,
  phase: [32m'save'[39m
}

 [32mÔ£ô[39m tests/conversationState.test.ts [2m([22m[2m6 tests[22m[2m)[22m[32m 5[2mms[22m[39m
 [32mÔ£ô[39m tests/liveProgressCapabilities.test.ts [2m([22m[2m4 tests[22m[2m)[22m[32m 4[2mms[22m[39m
 [32mÔ£ô[39m tests/canvasWorkspace.test.ts [2m([22m[2m9 tests[22m[2m)[22m[32m 5[2mms[22m[39m
 [32mÔ£ô[39m tests/requestConfig.test.ts [2m([22m[2m14 tests[22m[2m)[22m[32m 5[2mms[22m[39m
 [32mÔ£ô[39m tests/useWorkspaceLineageSelectors.test.tsx [2m([22m[2m2 tests[22m[2m)[22m[32m 6[2mms[22m[39m
 [32mÔ£ô[39m tests/useWorkspaceOverlayAuxiliaryProps.test.ts [2m([22m[2m3 tests[22m[2m)[22m[32m 5[2mms[22m[39m
 [32mÔ£ô[39m tests/stagedAssets.test.ts [2m([22m[2m3 tests[22m[2m)[22m[32m 5[2mms[22m[39m
 [32mÔ£ô[39m tests/groundingProvenance.test.ts [2m([22m[2m4 tests[22m[2m)[22m[32m 4[2mms[22m[39m
 [32mÔ£ô[39m tests/branchContinuation.test.ts [2m([22m[2m4 tests[22m[2m)[22m[32m 3[2mms[22m[39m
 [32mÔ£ô[39m tests/imageSidecarMetadata.test.ts [2m([22m[2m5 tests[22m[2m)[22m[32m 3[2mms[22m[39m
[90mstdout[2m | tests/pluginOfficialConversationIntegration.test.ts[2m > [22m[2mimageSavePlugin official conversation integration[2m > [22m[2mkeeps the fresher temp workspace snapshot when Windows file locks block both rename and copy replacement
[22m[39m[Nano Banana API] {
  kind: [32m'request'[39m,
  route: [32m'/api/workspace-snapshot'[39m,
  method: [32m'POST'[39m,
  requestId: [90mundefined[39m,
  source: [32m'workspace'[39m,
  snapshotPath: [32m'C:\\Users\\nshch\\AppData\\Local\\Temp\\nano-banana-shared-workspace-busy-oNQ2rE\\workspace_snapshot.json'[39m,
  phase: [32m'save'[39m,
  hasContent: [33mtrue[39m
}
[Nano Banana API] {
  kind: [32m'response'[39m,
  route: [32m'/api/workspace-snapshot'[39m,
  method: [32m'POST'[39m,
  requestId: [90mundefined[39m,
  status: [33m200[39m,
  durationMs: [33m166[39m,
  summary: [32m'Snapshot backup saved'[39m,
  source: [32m'workspace'[39m,
  snapshotPath: [32m'C:\\Users\\nshch\\AppData\\Local\\Temp\\nano-banana-shared-workspace-busy-oNQ2rE\\workspace_snapshot.json'[39m,
  phase: [32m'save'[39m
}

[90mstdout[2m | tests/pluginOfficialConversationIntegration.test.ts[2m > [22m[2mimageSavePlugin official conversation integration[2m > [22m[2mkeeps the fresher temp workspace snapshot when Windows file locks block both rename and copy replacement
[22m[39m[Nano Banana API] {
  kind: [32m'request'[39m,
  route: [32m'/api/workspace-snapshot'[39m,
  method: [32m'GET'[39m,
  requestId: [90mundefined[39m,
  source: [32m'workspace'[39m,
  snapshotPath: [32m'C:\\Users\\nshch\\AppData\\Local\\Temp\\nano-banana-shared-workspace-busy-oNQ2rE\\workspace_snapshot.json'[39m,
  phase: [32m'load'[39m
}
[Nano Banana API] {
  kind: [32m'response'[39m,
  route: [32m'/api/workspace-snapshot'[39m,
  method: [32m'GET'[39m,
  requestId: [90mundefined[39m,
  status: [33m200[39m,
  durationMs: [33m0[39m,
  summary: [32m'Snapshot backup loaded'[39m,
  source: [32m'workspace'[39m,
  snapshotPath: [32m'C:\\Users\\nshch\\AppData\\Local\\Temp\\nano-banana-shared-workspace-busy-oNQ2rE\\workspace_snapshot.json'[39m,
  phase: [32m'load'[39m
}

 [32mÔ£ô[39m tests/promptHelpers.test.ts [2m([22m[2m5 tests[22m[2m)[22m[32m 4[2mms[22m[39m
[90mstdout[2m | tests/pluginOfficialConversationIntegration.test.ts[2m > [22m[2mimageSavePlugin official conversation integration[2m > [22m[2mrecovers gracefully when the shared workspace snapshot backup is corrupted
[22m[39m
  ­ƒìî Image auto-save enabled ÔåÆ C:\Users\nshch\AppData\Local\Temp\nano-banana-corrupt-workspace-5qsehC

  ­ƒìî Health check ÔåÆ /api/health
[Nano Banana API] {
  kind: [32m'request'[39m,
  route: [32m'/api/workspace-snapshot'[39m,
  method: [32m'GET'[39m,
  requestId: [90mundefined[39m,
  source: [32m'workspace'[39m,
  snapshotPath: [32m'C:\\Users\\nshch\\AppData\\Local\\Temp\\nano-banana-corrupt-workspace-5qsehC\\workspace_snapshot.json'[39m,
  phase: [32m'load'[39m
}
[Nano Banana API] {
  kind: [32m'response'[39m,
  route: [32m'/api/workspace-snapshot'[39m,
  method: [32m'GET'[39m,
  requestId: [90mundefined[39m,
  status: [33m200[39m,
  durationMs: [33m1[39m,
  summary: [32m'Recovered from corrupt snapshot backup'[39m,
  source: [32m'workspace'[39m,
  snapshotPath: [32m'C:\\Users\\nshch\\AppData\\Local\\Temp\\nano-banana-corrupt-workspace-5qsehC\\workspace_snapshot.json'[39m,
  phase: [32m'load'[39m,
  recoveredFromError: [33mtrue[39m
}

 [32mÔ£ô[39m tests/workflowTimeline.test.ts [2m([22m[2m5 tests[22m[2m)[22m[32m 3[2mms[22m[39m
[90mstdout[2m | tests/pluginOfficialConversationIntegration.test.ts[2m > [22m[2mimageSavePlugin official conversation integration[2m > [22m[2mclassifies missing API key and upstream batch lookup failures without returning generic 500s
[22m[39m
  ­ƒìî Image auto-save enabled ÔåÆ D:\OneDrive\7_AI@neo.genymt.gmail\Projects\App-Nano_Banana_Ultra\output

  ­ƒìî Health check ÔåÆ /api/health

  ­ƒìî Image auto-save enabled ÔåÆ D:\OneDrive\7_AI@neo.genymt.gmail\Projects\App-Nano_Banana_Ultra\output

  ­ƒìî Health check ÔåÆ /api/health
[Nano Banana API] {
  kind: [32m'response'[39m,
  route: [32m'/api/prompt/enhance'[39m,
  method: [32m'POST'[39m,
  requestId: [90mundefined[39m,
  status: [33m503[39m,
  durationMs: [33m1[39m,
  summary: [32m'Missing GEMINI_API_KEY. Add it to .env.local and restart the dev server.'[39m,
  phase: [32m'error'[39m,
  source: [32m'prompt-tools'[39m
}

 [32mÔ£ô[39m tests/editorPromptBuilder.test.ts [2m([22m[2m5 tests[22m[2m)[22m[32m 4[2mms[22m[39m
 [32mÔ£ô[39m tests/savedImageFilename.test.ts [2m([22m[2m4 tests[22m[2m)[22m[32m 3[2mms[22m[39m
[90mstdout[2m | tests/pluginOfficialConversationIntegration.test.ts[2m > [22m[2mimageSavePlugin official conversation integration[2m > [22m[2mclassifies missing API key and upstream batch lookup failures without returning generic 500s
[22m[39m[Nano Banana API] {
  kind: [32m'response'[39m,
  route: [32m'/api/prompt/image-to-prompt'[39m,
  method: [32m'POST'[39m,
  requestId: [90mundefined[39m,
  status: [33m503[39m,
  durationMs: [33m0[39m,
  summary: [32m'Missing GEMINI_API_KEY. Add it to .env.local and restart the dev server.'[39m,
  phase: [32m'error'[39m,
  source: [32m'prompt-tools'[39m
}

[90mstdout[2m | tests/pluginOfficialConversationIntegration.test.ts[2m > [22m[2mimageSavePlugin official conversation integration[2m > [22m[2mclassifies missing API key and upstream batch lookup failures without returning generic 500s
[22m[39m[Nano Banana API] {
  kind: [32m'request'[39m,
  route: [32m'/api/batches/get'[39m,
  method: [32m'POST'[39m,
  requestId: [90mundefined[39m,
  source: [32m'batch'[39m,
  jobName: [32m'batches/missing-job'[39m
}

[90mstdout[2m | tests/pluginOfficialConversationIntegration.test.ts[2m > [22m[2mimageSavePlugin official conversation integration[2m > [22m[2mclassifies missing API key and upstream batch lookup failures without returning generic 500s
[22m[39m[Nano Banana API] {
  kind: [32m'response'[39m,
  route: [32m'/api/batches/get'[39m,
  method: [32m'POST'[39m,
  requestId: [90mundefined[39m,
  status: [33m404[39m,
  durationMs: [33m0[39m,
  summary: [32m'Batch not found'[39m,
  phase: [32m'error'[39m,
  source: [32m'batch'[39m
}

[90mstdout[2m | tests/pluginOfficialConversationIntegration.test.ts[2m > [22m[2mimageSavePlugin official conversation integration[2m > [22m[2mregisters direct rich enhance and random prompt routes with prompt-only segmentation support
[22m[39m
  ­ƒìî Image auto-save enabled ÔåÆ D:\OneDrive\7_AI@neo.genymt.gmail\Projects\App-Nano_Banana_Ultra\output

  ­ƒìî Health check ÔåÆ /api/health

[90mstdout[2m | tests/pluginOfficialConversationIntegration.test.ts[2m > [22m[2mimageSavePlugin official conversation integration[2m > [22m[2mregisters direct rich enhance and random prompt routes with prompt-only segmentation support
[22m[39m[Nano Banana API] {
  kind: [32m'request'[39m,
  route: [32m'/api/prompt/enhance'[39m,
  method: [32m'POST'[39m,
  requestId: [90mundefined[39m,
  source: [32m'prompt-tools'[39m,
  lang: [32m'en'[39m,
  promptLength: [33m27[39m
}

[90mstdout[2m | tests/pluginOfficialConversationIntegration.test.ts[2m > [22m[2mimageSavePlugin official conversation integration[2m > [22m[2mregisters direct rich enhance and random prompt routes with prompt-only segmentation support
[22m[39m[Nano Banana API] {
  kind: [32m'response'[39m,
  route: [32m'/api/prompt/enhance'[39m,
  method: [32m'POST'[39m,
  requestId: [90mundefined[39m,
  status: [33m200[39m,
  durationMs: [33m0[39m,
  summary: [32m'en prompt enhancement'[39m,
  source: [32m'prompt-tools'[39m,
  textLength: [33m352[39m
}

[90mstdout[2m | tests/pluginOfficialConversationIntegration.test.ts[2m > [22m[2mimageSavePlugin official conversation integration[2m > [22m[2mregisters direct rich enhance and random prompt routes with prompt-only segmentation support
[22m[39m[Nano Banana API] {
  kind: [32m'request'[39m,
  route: [32m'/api/prompt/random'[39m,
  method: [32m'POST'[39m,
  requestId: [90mundefined[39m,
  source: [32m'prompt-tools'[39m,
  lang: [32m'en'[39m
}

[90mstdout[2m | tests/pluginOfficialConversationIntegration.test.ts[2m > [22m[2mimageSavePlugin official conversation integration[2m > [22m[2mregisters direct rich enhance and random prompt routes with prompt-only segmentation support
[22m[39m[Nano Banana API] {
  kind: [32m'response'[39m,
  route: [32m'/api/prompt/random'[39m,
  method: [32m'POST'[39m,
  requestId: [90mundefined[39m,
  status: [33m200[39m,
  durationMs: [33m1[39m,
  summary: [32m'en random prompt'[39m,
  source: [32m'prompt-tools'[39m,
  textLength: [33m386[39m
}

 [32mÔ£ô[39m tests/imageSavePlugin.extractGeneratedContent.test.ts [2m([22m[2m4 tests[22m[2m)[22m[32m 4[2mms[22m[39m
[90mstdout[2m | tests/pluginOfficialConversationIntegration.test.ts[2m > [22m[2mimageSavePlugin official conversation integration[2m > [22m[2mregisters the image-to-prompt route, forwards inline image content, and asks Gemini for the restored structured brief format
[22m[39m
  ­ƒìî Image auto-save enabled ÔåÆ D:\OneDrive\7_AI@neo.genymt.gmail\Projects\App-Nano_Banana_Ultra\output

  ­ƒìî Health check ÔåÆ /api/health

[90mstdout[2m | tests/pluginOfficialConversationIntegration.test.ts[2m > [22m[2mimageSavePlugin official conversation integration[2m > [22m[2mregisters the image-to-prompt route, forwards inline image content, and asks Gemini for the restored structured brief format
[22m[39m[Nano Banana API] {
  kind: [32m'request'[39m,
  route: [32m'/api/prompt/image-to-prompt'[39m,
  method: [32m'POST'[39m,
  requestId: [90mundefined[39m,
  source: [32m'prompt-tools'[39m,
  lang: [32m'zh_TW'[39m,
  hasImageDataUrl: [33mtrue[39m
}

[90mstdout[2m | tests/pluginOfficialConversationIntegration.test.ts[2m > [22m[2mimageSavePlugin official conversation integration[2m > [22m[2mregisters the image-to-prompt route, forwards inline image content, and asks Gemini for the restored structured brief format
[22m[39m[Nano Banana API] {
  kind: [32m'response'[39m,
  route: [32m'/api/prompt/image-to-prompt'[39m,
  method: [32m'POST'[39m,
  requestId: [90mundefined[39m,
  status: [33m200[39m,
  durationMs: [33m0[39m,
  summary: [32m'zh_TW image-to-prompt'[39m,
  source: [32m'prompt-tools'[39m,
  textLength: [33m1336[39m,
  mimeType: [32m'image/png'[39m
}

[90mstdout[2m | tests/pluginOfficialConversationIntegration.test.ts[2m > [22m[2mimageSavePlugin official conversation integration[2m > [22m[2mtreats malformed local image payloads as 400 and removes prompt-history endpoints
[22m[39m
  ­ƒìî Image auto-save enabled ÔåÆ C:\Users\nshch\AppData\Local\Temp\nano-banana-local-errors-fYRkvE

  ­ƒìî Health check ÔåÆ /api/health

[90mstdout[2m | tests/pluginOfficialConversationIntegration.test.ts[2m > [22m[2mimageSavePlugin official conversation integration[2m > [22m[2mtreats malformed local image payloads as 400 and removes prompt-history endpoints
[22m[39m[Nano Banana API] {
  kind: [32m'response'[39m,
  route: [32m'/api/save-image'[39m,
  method: [32m'POST'[39m,
  requestId: [90mundefined[39m,
  status: [33m400[39m,
  durationMs: [33m1[39m,
  summary: [32m"Expected property name or '}' in JSON at position 1 (line 1 column 2)"[39m,
  phase: [32m'error'[39m,
  source: [32m'image-file'[39m
}

[90mstdout[2m | tests/pluginOfficialConversationIntegration.test.ts[2m > [22m[2mimageSavePlugin official conversation integration[2m > [22m[2mincludes editing input when creating queued batch jobs without enabling conversation-native continuation
[22m[39m
  ­ƒìî Image auto-save enabled ÔåÆ D:\OneDrive\7_AI@neo.genymt.gmail\Projects\App-Nano_Banana_Ultra\output

  ­ƒìî Health check ÔåÆ /api/health

[90mstdout[2m | tests/pluginOfficialConversationIntegration.test.ts[2m > [22m[2mimageSavePlugin official conversation integration[2m > [22m[2mincludes editing input when creating queued batch jobs without enabling conversation-native continuation
[22m[39m[Nano Banana API] {
  kind: [32m'request'[39m,
  route: [32m'/api/batches/create'[39m,
  method: [32m'POST'[39m,
  requestId: [90mundefined[39m,
  source: [32m'batch'[39m,
  model: [32m'gemini-3.1-flash-image-preview'[39m,
  displayName: [32m'gemini-3.1-flash-image-preview-queued-2026-05-18T12:48:24.633Z'[39m,
  requestCount: [33m1[39m,
  hasEditingInput: [33mtrue[39m
}

[90mstdout[2m | tests/pluginOfficialConversationIntegration.test.ts[2m > [22m[2mimageSavePlugin official conversation integration[2m > [22m[2mincludes editing input when creating queued batch jobs without enabling conversation-native continuation
[22m[39m[Nano Banana API] {
  kind: [32m'response'[39m,
  route: [32m'/api/batches/create'[39m,
  method: [32m'POST'[39m,
  requestId: [90mundefined[39m,
  status: [33m200[39m,
  durationMs: [33m6[39m,
  summary: [32m'batches/test-job (JOB_STATE_PENDING)'[39m,
  source: [32m'batch'[39m,
  model: [32m'gemini-3.1-flash-image-preview'[39m,
  displayName: [32m'gemini-3.1-flash-image-preview-queued-2026-05-18T12:48:24.633Z'[39m,
  jobName: [32m'batches/test-job'[39m,
  state: [32m'JOB_STATE_PENDING'[39m
}

[90mstdout[2m | tests/pluginOfficialConversationIntegration.test.ts[2m > [22m[2mimageSavePlugin official conversation integration[2m > [22m[2mreturns requested and actual output dimensions for grounded image generation and persists actual dimensions in sidecars
[22m[39m
  ­ƒìî Image auto-save enabled ÔåÆ C:\Users\nshch\AppData\Local\Temp\nano-banana-plugin-uGCcVV

  ­ƒìî Health check ÔåÆ /api/health

[90mstdout[2m | tests/pluginOfficialConversationIntegration.test.ts[2m > [22m[2mimageSavePlugin official conversation integration[2m > [22m[2mreturns requested and actual output dimensions for grounded image generation and persists actual dimensions in sidecars
[22m[39m[Nano Banana API] {
  kind: [32m'request'[39m,
  route: [32m'/api/images/generate'[39m,
  method: [32m'POST'[39m,
  requestId: [90mundefined[39m,
  source: [32m'generation'[39m,
  model: [32m'gemini-3.1-flash-image-preview'[39m,
  executionMode: [32m'single-turn'[39m,
  outputFormat: [32m'images-only'[39m,
  hasConversationContext: [33mfalse[39m,
  objectImageCount: [33m0[39m,
  characterImageCount: [33m0[39m,
  hasEditingInput: [33mfalse[39m,
  includeThoughts: [33mtrue[39m
}

[90mstdout[2m | tests/pluginOfficialConversationIntegration.test.ts[2m > [22m[2mimageSavePlugin official conversation integration[2m > [22m[2mreturns requested and actual output dimensions for grounded image generation and persists actual dimensions in sidecars
[22m[39m[Nano Banana API] {
  kind: [32m'response'[39m,
  route: [32m'/api/images/generate'[39m,
  method: [32m'POST'[39m,
  requestId: [90mundefined[39m,
  status: [33m200[39m,
  durationMs: [33m0[39m,
  summary: [32m'Generated image response'[39m,
  source: [32m'generation'[39m,
  model: [32m'gemini-3.1-flash-image-preview'[39m,
  hasImage: [33mtrue[39m,
  textLength: [33m22[39m,
  hasThoughts: [33mfalse[39m,
  resultPartCount: [33m2[39m,
  hasGrounding: [33mtrue[39m
}

[90mstdout[2m | tests/pluginOfficialConversationIntegration.test.ts[2m > [22m[2mimageSavePlugin official conversation integration[2m > [22m[2mreturns requested and actual output dimensions for grounded image generation and persists actual dimensions in sidecars
[22m[39m[Nano Banana API] {
  kind: [32m'request'[39m,
  route: [32m'/api/save-image'[39m,
  method: [32m'POST'[39m,
  requestId: [90mundefined[39m,
  source: [32m'image-file'[39m,
  filename: [32m'grounded-proof.png'[39m,
  dedupe: [33mfalse[39m,
  hasMetadata: [33mtrue[39m
}
[Nano Banana API] {
  kind: [32m'response'[39m,
  route: [32m'/api/save-image'[39m,
  method: [32m'POST'[39m,
  requestId: [90mundefined[39m,
  status: [33m200[39m,
  durationMs: [33m2[39m,
  summary: [32m'grounded-proof.png'[39m,
  source: [32m'image-file'[39m,
  filename: [32m'grounded-proof.png'[39m,
  size: [33m68[39m,
  hasMetadata: [33mtrue[39m
}

 [32mÔ£ô[39m tests/pluginOfficialConversationIntegration.test.ts [2m([22m[2m14 tests[22m[2m)[22m[33m 989[2mms[22m[39m
   [33m[2mÔ£ô[22m[39m imageSavePlugin official conversation integration[2m > [22muses official chat history when a restored conversation continuation request reaches the backend route [33m 755[2mms[22m[39m
 [32mÔ£ô[39m tests/playwrightPaths.test.ts [2m([22m[2m2 tests[22m[2m)[22m[32m 3[2mms[22m[39m
 [32mÔ£ô[39m tests/viewerComposerSettings.test.ts [2m([22m[2m4 tests[22m[2m)[22m[32m 3[2mms[22m[39m
 [32mÔ£ô[39m tests/lineage.test.ts [2m([22m[2m3 tests[22m[2m)[22m[32m 3[2mms[22m[39m
 [32mÔ£ô[39m tests/conversationHistory.test.ts [2m([22m[2m2 tests[22m[2m)[22m[32m 3[2mms[22m[39m
 [32mÔ£ô[39m tests/useWorkspaceGenerationActions.test.ts [2m([22m[2m2 tests[22m[2m)[22m[32m 2[2mms[22m[39m
 [32mÔ£ô[39m tests/phaseBRenderStability.test.tsx [2m([22m[2m4 tests[22m[2m)[22m[33m 2361[2mms[22m[39m
   [33m[2mÔ£ô[22m[39m Phase B render stability[2m > [22mdoes not rerender stage/history memo surfaces when toggling advanced settings [33m 2278[2mms[22m[39m
 [32mÔ£ô[39m tests/AppOfficialConversationFlow.test.tsx [2m([22m[2m8 tests[22m[2m)[22m[33m 513[2mms[22m[39m

[2m Test Files [22m [1m[32m106 passed[39m[22m[90m (106)[39m
[2m      Tests [22m [1m[32m882 passed[39m[22m[90m (882)[39m
[2m   Start at [22m 20:48:20
[2m   Duration [22m 5.27s[2m (transform 12.92s, setup 0ms, collect 34.44s, tests 7.80s, environment 58.47s, prepare 12.01s)[22m

